<html>
<body>
<pre>
<h1>µVision Build Log</h1>
<h2>Project:</h2>
C:\Users\Fabrizio\Desktop\space_invaders_modules\Space_Invaders.uvproj
Project File Date:  04/02/2016

<h2>Output:</h2>
Rebuild target 'Space_Invaders'
compiling PLL.c...
compiling ADC.c...
compiling DAC.c...
compiling Systick.c...
compiling Button.c...
compiling main.c...
compiling input.c...
compiling Timer2A.c...
compiling Sound.c...
compiling Display.c...
compiling Video.c...
compiling Enemies.c...
compiling Player.c...
compiling Weapon.c...
compiling Bunker.c...
assembling startup_TM4C123.s...
linking...
Program Size: Code=5420 RO-data=24448 RW-data=212 ZI-data=2532  
".\Space_Invaders.axf" - 0 Error(s), 0 Warning(s).
</pre>
</body>
</html>
the linker
Finished: 0 information, 0 warning, 0 error and 1 fatal error messages.
".\Space_Invaders.axf" - 1 Error(s), 0 Warning(s).
Target not created
layer.c...
compiling Weapon.c...
Sound.h(39): error:  #67: expected a "}"
                {highpitch_snd,sizeof(highpitch_snd)}
Weapon.c: 0 warnings, 1 error
compiling Bunker.c...
assembling startup_TM4C123.s...
".\Space_Invaders.axf" - 4 Error(s), 0 Warning(s).
Target not created
