ARM Linker, 5.03 [Build 76] [MDK-ARM Lite]

==============================================================================

Section Cross References

    systick.o(i.SysTick_Handler) refers to input.o(i.readInputs) for readInputs
    systick.o(.data) refers to adc.o(i.initADC0) for initADC0
    systick.o(.data) refers to button.o(i.initButton) for initButton
    systick.o(.data) refers to systick.o(i.initSystick) for initSystick
    systick.o(.data) refers to adc.o(i.ADC0_In) for ADC0_In
    systick.o(.data) refers to button.o(i.Button_In) for Button_In
    main.o(i.main) refers to startup_tm4c123.o(.text) for DisableInterrupts
    main.o(i.main) refers to pll.o(i.initPLL) for initPLL
    main.o(i.main) refers to input.o(i.initInputs) for initInputs
    main.o(i.main) refers to sound.o(i.initSound) for initSound
    main.o(.data) refers to adc.o(i.initADC0) for initADC0
    main.o(.data) refers to button.o(i.initButton) for initButton
    main.o(.data) refers to systick.o(i.initSystick) for initSystick
    main.o(.data) refers to adc.o(i.ADC0_In) for ADC0_In
    main.o(.data) refers to button.o(i.Button_In) for Button_In
    main.o(.data) refers to dac.o(i.initDAC) for initDAC
    main.o(.data) refers to timer2a.o(i.initTimer2A) for initTimer2A
    input.o(i.initInputs) refers to input.o(.data) for initInputList
    input.o(i.readInputs) refers to adc.o(i.ADC0_In) for ADC0_In
    input.o(i.readInputs) refers to button.o(i.Button_In) for Button_In
    input.o(.data) refers to adc.o(i.initADC0) for initADC0
    input.o(.data) refers to button.o(i.initButton) for initButton
    input.o(.data) refers to systick.o(i.initSystick) for initSystick
    input.o(.data) refers to adc.o(i.ADC0_In) for ADC0_In
    input.o(.data) refers to button.o(i.Button_In) for Button_In
    sound.o(i.TIMER2A_Handler) refers to dac.o(i.DAC_Out) for DAC_Out
    sound.o(i.TIMER2A_Handler) refers to sound.o(.data) for currentIndex
    sound.o(i.initSound) refers to sound.o(.data) for initSoundList
    sound.o(i.playSound) refers to sound.o(.data) for sounds
    sound.o(.data) refers to dac.o(i.initDAC) for initDAC
    sound.o(.data) refers to timer2a.o(i.initTimer2A) for initTimer2A
    startup_tm4c123.o(STACK) refers (Special) to heapauxi.o(.text) for __use_two_region_memory
    startup_tm4c123.o(HEAP) refers (Special) to heapauxi.o(.text) for __use_two_region_memory
    startup_tm4c123.o(RESET) refers (Special) to heapauxi.o(.text) for __use_two_region_memory
    startup_tm4c123.o(RESET) refers to startup_tm4c123.o(STACK) for __initial_sp
    startup_tm4c123.o(RESET) refers to startup_tm4c123.o(.text) for Reset_Handler
    startup_tm4c123.o(RESET) refers to systick.o(i.SysTick_Handler) for SysTick_Handler
    startup_tm4c123.o(RESET) refers to sound.o(i.TIMER2A_Handler) for TIMER2A_Handler
    startup_tm4c123.o(.text) refers (Special) to heapauxi.o(.text) for __use_two_region_memory
    startup_tm4c123.o(.text) refers to __main.o(!!!main) for __main
    startup_tm4c123.o(.text) refers to startup_tm4c123.o(HEAP) for Heap_Mem
    startup_tm4c123.o(.text) refers to startup_tm4c123.o(STACK) for Stack_Mem
    __main.o(!!!main) refers to rtentry.o(.ARM.Collect$$rtentry$$00000000) for __rt_entry
    rtentry.o(.ARM.Collect$$rtentry$$00000000) refers (Special) to rtentry2.o(.ARM.Collect$$rtentry$$0000000A) for __rt_entry_li
    rtentry.o(.ARM.Collect$$rtentry$$00000000) refers (Special) to rtentry2.o(.ARM.Collect$$rtentry$$0000000D) for __rt_entry_main
    rtentry.o(.ARM.Collect$$rtentry$$00000000) refers (Special) to rtentry2.o(.ARM.Collect$$rtentry$$0000000C) for __rt_entry_postli_1
    rtentry.o(.ARM.Collect$$rtentry$$00000000) refers (Special) to rtentry2.o(.ARM.Collect$$rtentry$$00000009) for __rt_entry_postsh_1
    rtentry.o(.ARM.Collect$$rtentry$$00000000) refers (Special) to rtentry2.o(.ARM.Collect$$rtentry$$00000002) for __rt_entry_presh_1
    rtentry.o(.ARM.Collect$$rtentry$$00000000) refers (Special) to rtentry4.o(.ARM.Collect$$rtentry$$00000004) for __rt_entry_sh
    rtentry2.o(.ARM.Collect$$rtentry$$00000008) refers to boardinit2.o(.text) for _platform_post_stackheap_init
    rtentry2.o(.ARM.Collect$$rtentry$$0000000A) refers to libinit.o(.ARM.Collect$$libinit$$00000000) for __rt_lib_init
    rtentry2.o(.ARM.Collect$$rtentry$$0000000B) refers to boardinit3.o(.text) for _platform_post_lib_init
    rtentry2.o(.ARM.Collect$$rtentry$$0000000D) refers to main.o(i.main) for main
    rtentry2.o(.ARM.Collect$$rtentry$$0000000D) refers to exit.o(.text) for exit
    rtentry2.o(.ARM.exidx) refers to rtentry2.o(.ARM.Collect$$rtentry$$00000001) for .ARM.Collect$$rtentry$$00000001
    rtentry2.o(.ARM.exidx) refers to rtentry2.o(.ARM.Collect$$rtentry$$00000008) for .ARM.Collect$$rtentry$$00000008
    rtentry2.o(.ARM.exidx) refers to rtentry2.o(.ARM.Collect$$rtentry$$0000000A) for .ARM.Collect$$rtentry$$0000000A
    rtentry2.o(.ARM.exidx) refers to rtentry2.o(.ARM.Collect$$rtentry$$0000000B) for .ARM.Collect$$rtentry$$0000000B
    rtentry2.o(.ARM.exidx) refers to rtentry2.o(.ARM.Collect$$rtentry$$0000000D) for .ARM.Collect$$rtentry$$0000000D
    rtentry4.o(.ARM.Collect$$rtentry$$00000004) refers to sys_stackheap_outer.o(.text) for __user_setup_stackheap
    rtentry4.o(.ARM.exidx) refers to rtentry4.o(.ARM.Collect$$rtentry$$00000004) for .ARM.Collect$$rtentry$$00000004
    sys_stackheap_outer.o(.text) refers to libspace.o(.text) for __user_perproc_libspace
    sys_stackheap_outer.o(.text) refers to startup_tm4c123.o(.text) for __user_initial_stackheap
    exit.o(.text) refers to rtexit.o(.ARM.Collect$$rtexit$$00000000) for __rt_exit
    libinit.o(.ARM.Collect$$libinit$$00000000) refers (Special) to libinit2.o(.ARM.Collect$$libinit$$0000002C) for __rt_lib_init_alloca_1
    libinit.o(.ARM.Collect$$libinit$$00000000) refers (Special) to libinit2.o(.ARM.Collect$$libinit$$0000002A) for __rt_lib_init_argv_1
    libinit.o(.ARM.Collect$$libinit$$00000000) refers (Special) to libinit2.o(.ARM.Collect$$libinit$$00000019) for __rt_lib_init_atexit_1
    libinit.o(.ARM.Collect$$libinit$$00000000) refers (Special) to libinit2.o(.ARM.Collect$$libinit$$0000001F) for __rt_lib_init_clock_1
    libinit.o(.ARM.Collect$$libinit$$00000000) refers (Special) to libinit2.o(.ARM.Collect$$libinit$$00000030) for __rt_lib_init_cpp_1
    libinit.o(.ARM.Collect$$libinit$$00000000) refers (Special) to libinit2.o(.ARM.Collect$$libinit$$0000002E) for __rt_lib_init_exceptions_1
    libinit.o(.ARM.Collect$$libinit$$00000000) refers (Special) to libinit2.o(.ARM.Collect$$libinit$$00000002) for __rt_lib_init_fp_1
    libinit.o(.ARM.Collect$$libinit$$00000000) refers (Special) to libinit2.o(.ARM.Collect$$libinit$$0000001D) for __rt_lib_init_fp_trap_1
    libinit.o(.ARM.Collect$$libinit$$00000000) refers (Special) to libinit2.o(.ARM.Collect$$libinit$$00000021) for __rt_lib_init_getenv_1
    libinit.o(.ARM.Collect$$libinit$$00000000) refers (Special) to libinit2.o(.ARM.Collect$$libinit$$00000008) for __rt_lib_init_heap_1
    libinit.o(.ARM.Collect$$libinit$$00000000) refers (Special) to libinit2.o(.ARM.Collect$$libinit$$0000000F) for __rt_lib_init_lc_collate_1
    libinit.o(.ARM.Collect$$libinit$$00000000) refers (Special) to libinit2.o(.ARM.Collect$$libinit$$00000011) for __rt_lib_init_lc_ctype_1
    libinit.o(.ARM.Collect$$libinit$$00000000) refers (Special) to libinit2.o(.ARM.Collect$$libinit$$00000013) for __rt_lib_init_lc_monetary_1
    libinit.o(.ARM.Collect$$libinit$$00000000) refers (Special) to libinit2.o(.ARM.Collect$$libinit$$00000015) for __rt_lib_init_lc_numeric_1
    libinit.o(.ARM.Collect$$libinit$$00000000) refers (Special) to libinit2.o(.ARM.Collect$$libinit$$00000017) for __rt_lib_init_lc_time_1
    libinit.o(.ARM.Collect$$libinit$$00000000) refers (Special) to libinit2.o(.ARM.Collect$$libinit$$0000000C) for __rt_lib_init_rand_1
    libinit.o(.ARM.Collect$$libinit$$00000000) refers (Special) to libinit2.o(.ARM.Collect$$libinit$$00000031) for __rt_lib_init_return
    libinit.o(.ARM.Collect$$libinit$$00000000) refers (Special) to libinit2.o(.ARM.Collect$$libinit$$0000001B) for __rt_lib_init_signal_1
    libinit.o(.ARM.Collect$$libinit$$00000000) refers (Special) to libinit2.o(.ARM.Collect$$libinit$$00000023) for __rt_lib_init_stdio_1
    libinit.o(.ARM.Collect$$libinit$$00000000) refers (Special) to libinit2.o(.ARM.Collect$$libinit$$0000000A) for __rt_lib_init_user_alloc_1
    libspace.o(.text) refers to libspace.o(.bss) for __libspace_start
    rtexit.o(.ARM.Collect$$rtexit$$00000000) refers (Special) to rtexit2.o(.ARM.Collect$$rtexit$$00000004) for __rt_exit_exit
    rtexit.o(.ARM.Collect$$rtexit$$00000000) refers (Special) to rtexit2.o(.ARM.Collect$$rtexit$$00000003) for __rt_exit_ls
    rtexit.o(.ARM.Collect$$rtexit$$00000000) refers (Special) to rtexit2.o(.ARM.Collect$$rtexit$$00000002) for __rt_exit_prels_1
    rtexit.o(.ARM.exidx) refers (Special) to rtexit2.o(.ARM.Collect$$rtexit$$00000004) for __rt_exit_exit
    rtexit.o(.ARM.exidx) refers (Special) to rtexit2.o(.ARM.Collect$$rtexit$$00000003) for __rt_exit_ls
    rtexit.o(.ARM.exidx) refers (Special) to rtexit2.o(.ARM.Collect$$rtexit$$00000002) for __rt_exit_prels_1
    rtexit.o(.ARM.exidx) refers to rtexit.o(.ARM.Collect$$rtexit$$00000000) for .ARM.Collect$$rtexit$$00000000
    libinit2.o(.ARM.Collect$$libinit$$0000000E) refers to libinit2.o(.ARM.Collect$$libinit$$0000000D) for .ARM.Collect$$libinit$$0000000D
    libinit2.o(.ARM.Collect$$libinit$$00000010) refers to libinit2.o(.ARM.Collect$$libinit$$0000000D) for .ARM.Collect$$libinit$$0000000D
    libinit2.o(.ARM.Collect$$libinit$$00000012) refers to libinit2.o(.ARM.Collect$$libinit$$0000000D) for .ARM.Collect$$libinit$$0000000D
    libinit2.o(.ARM.Collect$$libinit$$00000014) refers to libinit2.o(.ARM.Collect$$libinit$$0000000D) for .ARM.Collect$$libinit$$0000000D
    libinit2.o(.ARM.Collect$$libinit$$00000016) refers to libinit2.o(.ARM.Collect$$libinit$$0000000D) for .ARM.Collect$$libinit$$0000000D
    libinit2.o(.ARM.Collect$$libinit$$00000024) refers to argv_veneer.o(.emb_text) for __ARM_argv_veneer
    libinit2.o(.ARM.Collect$$libinit$$00000025) refers to argv_veneer.o(.emb_text) for __ARM_argv_veneer
    rtexit2.o(.ARM.Collect$$rtexit$$00000003) refers to libshutdown.o(.ARM.Collect$$libshutdown$$00000000) for __rt_lib_shutdown
    rtexit2.o(.ARM.Collect$$rtexit$$00000004) refers to sys_exit.o(.text) for _sys_exit
    rtexit2.o(.ARM.exidx) refers to rtexit2.o(.ARM.Collect$$rtexit$$00000001) for .ARM.Collect$$rtexit$$00000001
    rtexit2.o(.ARM.exidx) refers to rtexit2.o(.ARM.Collect$$rtexit$$00000003) for .ARM.Collect$$rtexit$$00000003
    rtexit2.o(.ARM.exidx) refers to rtexit2.o(.ARM.Collect$$rtexit$$00000004) for .ARM.Collect$$rtexit$$00000004
    argv_veneer.o(.emb_text) refers to no_argv.o(.text) for __ARM_get_argv
    sys_exit.o(.text) refers (Special) to use_no_semi.o(.text) for __I$use$semihosting
    sys_exit.o(.text) refers (Special) to indicate_semi.o(.text) for __semihosting_library_function
    _get_argv_nomalloc.o(.text) refers (Special) to hrguard.o(.text) for __heap_region$guard
    _get_argv_nomalloc.o(.text) refers to defsig_rtmem_outer.o(.text) for __rt_SIGRTMEM
    _get_argv_nomalloc.o(.text) refers to sys_command.o(.text) for _sys_command_string
    libshutdown.o(.ARM.Collect$$libshutdown$$00000000) refers (Special) to libshutdown2.o(.ARM.Collect$$libshutdown$$00000006) for __rt_lib_shutdown_fp_trap_1
    libshutdown.o(.ARM.Collect$$libshutdown$$00000000) refers (Special) to libshutdown2.o(.ARM.Collect$$libshutdown$$0000000E) for __rt_lib_shutdown_heap_1
    libshutdown.o(.ARM.Collect$$libshutdown$$00000000) refers (Special) to libshutdown2.o(.ARM.Collect$$libshutdown$$0000000F) for __rt_lib_shutdown_return
    libshutdown.o(.ARM.Collect$$libshutdown$$00000000) refers (Special) to libshutdown2.o(.ARM.Collect$$libshutdown$$00000009) for __rt_lib_shutdown_signal_1
    libshutdown.o(.ARM.Collect$$libshutdown$$00000000) refers (Special) to libshutdown2.o(.ARM.Collect$$libshutdown$$00000003) for __rt_lib_shutdown_stdio_1
    libshutdown.o(.ARM.Collect$$libshutdown$$00000000) refers (Special) to libshutdown2.o(.ARM.Collect$$libshutdown$$0000000B) for __rt_lib_shutdown_user_alloc_1
    sys_command.o(.text) refers (Special) to use_no_semi.o(.text) for __I$use$semihosting
    sys_command.o(.text) refers (Special) to indicate_semi.o(.text) for __semihosting_library_function
    defsig_rtmem_outer.o(.text) refers to defsig_rtmem_inner.o(.text) for __rt_SIGRTMEM_inner
    defsig_rtmem_outer.o(.text) refers to defsig_exit.o(.text) for __sig_exit
    defsig_rtmem_formal.o(.text) refers to rt_raise.o(.text) for __rt_raise
    rt_raise.o(.text) refers to __raise.o(.text) for __raise
    rt_raise.o(.text) refers to sys_exit.o(.text) for _sys_exit
    defsig_exit.o(.text) refers to sys_exit.o(.text) for _sys_exit
    defsig_rtmem_inner.o(.text) refers to defsig_general.o(.text) for __default_signal_display
    __raise.o(.text) refers to defsig.o(CL$$defsig) for __default_signal_handler
    defsig_general.o(.text) refers to sys_wrch.o(.text) for _ttywrch
    sys_wrch.o(.text) refers (Special) to use_no_semi.o(.text) for __I$use$semihosting
    sys_wrch.o(.text) refers (Special) to indicate_semi.o(.text) for __semihosting_library_function
    defsig.o(CL$$defsig) refers to defsig_rtmem_inner.o(.text) for __rt_SIGRTMEM_inner
    defsig_abrt_inner.o(.text) refers to defsig_general.o(.text) for __default_signal_display
    defsig_fpe_inner.o(.text) refers to defsig_general.o(.text) for __default_signal_display
    defsig_rtred_inner.o(.text) refers to defsig_general.o(.text) for __default_signal_display
    defsig_stak_inner.o(.text) refers to defsig_general.o(.text) for __default_signal_display
    defsig_pvfn_inner.o(.text) refers to defsig_general.o(.text) for __default_signal_display
    defsig_cppl_inner.o(.text) refers to defsig_general.o(.text) for __default_signal_display
    defsig_segv_inner.o(.text) refers to defsig_general.o(.text) for __default_signal_display
    defsig_other.o(.text) refers to defsig_general.o(.text) for __default_signal_display


==============================================================================

Removing Unused input sections from the image.

    Removing systick.o(.data), (20 bytes).
    Removing main.o(i.SleepTest), (24 bytes).
    Removing main.o(.data), (32 bytes).
    Removing sound.o(i.playSound), (40 bytes).

4 unused section(s) (total 116 bytes) removed from the image.

==============================================================================

Image Symbol Table

    Local Symbols

    Symbol Name                              Value     Ov Type        Size  Object(Section)

    RESET                                    0x00000000   Section      620  startup_tm4c123.o(RESET)
    ../clib/angel/boardlib.s                 0x00000000   Number         0  boardshut.o ABSOLUTE
    ../clib/angel/boardlib.s                 0x00000000   Number         0  boardinit1.o ABSOLUTE
    ../clib/angel/boardlib.s                 0x00000000   Number         0  boardinit2.o ABSOLUTE
    ../clib/angel/boardlib.s                 0x00000000   Number         0  boardinit3.o ABSOLUTE
    ../clib/angel/handlers.s                 0x00000000   Number         0  __scatter_zi.o ABSOLUTE
    ../clib/angel/handlers.s                 0x00000000   Number         0  __scatter_copy.o ABSOLUTE
    ../clib/angel/kernel.s                   0x00000000   Number         0  rtexit2.o ABSOLUTE
    ../clib/angel/kernel.s                   0x00000000   Number         0  rtexit.o ABSOLUTE
    ../clib/angel/kernel.s                   0x00000000   Number         0  rtentry.o ABSOLUTE
    ../clib/angel/kernel.s                   0x00000000   Number         0  rtentry2.o ABSOLUTE
    ../clib/angel/kernel.s                   0x00000000   Number         0  rtentry4.o ABSOLUTE
    ../clib/angel/rt.s                       0x00000000   Number         0  rt_raise.o ABSOLUTE
    ../clib/angel/scatter.s                  0x00000000   Number         0  __scatter.o ABSOLUTE
    ../clib/angel/startup.s                  0x00000000   Number         0  __main.o ABSOLUTE
    ../clib/angel/sys.s                      0x00000000   Number         0  indicate_semi.o ABSOLUTE
    ../clib/angel/sys.s                      0x00000000   Number         0  libspace.o ABSOLUTE
    ../clib/angel/sys.s                      0x00000000   Number         0  use_no_semi.o ABSOLUTE
    ../clib/angel/sys.s                      0x00000000   Number         0  sys_stackheap_outer.o ABSOLUTE
    ../clib/angel/sysapp.c                   0x00000000   Number         0  sys_wrch.o ABSOLUTE
    ../clib/angel/sysapp.c                   0x00000000   Number         0  sys_command.o ABSOLUTE
    ../clib/angel/sysapp.c                   0x00000000   Number         0  sys_exit.o ABSOLUTE
    ../clib/armsys.c                         0x00000000   Number         0  argv_veneer.o ABSOLUTE
    ../clib/armsys.c                         0x00000000   Number         0  argv_veneer.o ABSOLUTE
    ../clib/armsys.c                         0x00000000   Number         0  no_argv.o ABSOLUTE
    ../clib/armsys.c                         0x00000000   Number         0  _get_argv_nomalloc.o ABSOLUTE
    ../clib/heapalloc.c                      0x00000000   Number         0  hrguard.o ABSOLUTE
    ../clib/heapaux.c                        0x00000000   Number         0  heapauxi.o ABSOLUTE
    ../clib/libinit.s                        0x00000000   Number         0  libshutdown.o ABSOLUTE
    ../clib/libinit.s                        0x00000000   Number         0  libinit2.o ABSOLUTE
    ../clib/libinit.s                        0x00000000   Number         0  libshutdown2.o ABSOLUTE
    ../clib/libinit.s                        0x00000000   Number         0  libinit.o ABSOLUTE
    ../clib/signal.c                         0x00000000   Number         0  defsig_exit.o ABSOLUTE
    ../clib/signal.c                         0x00000000   Number         0  __raise.o ABSOLUTE
    ../clib/signal.c                         0x00000000   Number         0  defsig_other.o ABSOLUTE
    ../clib/signal.c                         0x00000000   Number         0  defsig_segv_inner.o ABSOLUTE
    ../clib/signal.c                         0x00000000   Number         0  defsig_rtmem_inner.o ABSOLUTE
    ../clib/signal.c                         0x00000000   Number         0  defsig_pvfn_inner.o ABSOLUTE
    ../clib/signal.c                         0x00000000   Number         0  defsig_stak_inner.o ABSOLUTE
    ../clib/signal.c                         0x00000000   Number         0  defsig_rtred_inner.o ABSOLUTE
    ../clib/signal.c                         0x00000000   Number         0  defsig_rtmem_formal.o ABSOLUTE
    ../clib/signal.c                         0x00000000   Number         0  defsig_cppl_inner.o ABSOLUTE
    ../clib/signal.c                         0x00000000   Number         0  defsig_abrt_inner.o ABSOLUTE
    ../clib/signal.c                         0x00000000   Number         0  defsig_general.o ABSOLUTE
    ../clib/signal.c                         0x00000000   Number         0  defsig_rtmem_outer.o ABSOLUTE
    ../clib/signal.c                         0x00000000   Number         0  defsig_fpe_inner.o ABSOLUTE
    ../clib/signal.s                         0x00000000   Number         0  defsig.o ABSOLUTE
    ../clib/stdlib.c                         0x00000000   Number         0  exit.o ABSOLUTE
    ../fplib/fpinit.s                        0x00000000   Number         0  fpinit.o ABSOLUTE
    ADC.c                                    0x00000000   Number         0  adc.o ABSOLUTE
    Button.c                                 0x00000000   Number         0  button.o ABSOLUTE
    DAC.c                                    0x00000000   Number         0  dac.o ABSOLUTE
    PLL.c                                    0x00000000   Number         0  pll.o ABSOLUTE
    Sound.c                                  0x00000000   Number         0  sound.o ABSOLUTE
    Systick.c                                0x00000000   Number         0  systick.o ABSOLUTE
    Timer2A.c                                0x00000000   Number         0  timer2a.o ABSOLUTE
    dc.s                                     0x00000000   Number         0  dc.o ABSOLUTE
    input.c                                  0x00000000   Number         0  input.o ABSOLUTE
    main.c                                   0x00000000   Number         0  main.o ABSOLUTE
    startup_TM4C123.s                        0x00000000   Number         0  startup_tm4c123.o ABSOLUTE
    !!!main                                  0x0000026c   Section        8  __main.o(!!!main)
    !!!scatter                               0x00000274   Section       52  __scatter.o(!!!scatter)
    !!handler_copy                           0x000002a8   Section       26  __scatter_copy.o(!!handler_copy)
    !!handler_zi                             0x000002c4   Section       28  __scatter_zi.o(!!handler_zi)
    .ARM.Collect$$libinit$$00000000          0x000002e0   Section        2  libinit.o(.ARM.Collect$$libinit$$00000000)
    .ARM.Collect$$libinit$$00000002          0x000002e2   Section        0  libinit2.o(.ARM.Collect$$libinit$$00000002)
    .ARM.Collect$$libinit$$00000008          0x000002e2   Section        0  libinit2.o(.ARM.Collect$$libinit$$00000008)
    .ARM.Collect$$libinit$$0000000A          0x000002e2   Section        0  libinit2.o(.ARM.Collect$$libinit$$0000000A)
    .ARM.Collect$$libinit$$0000000C          0x000002e2   Section        0  libinit2.o(.ARM.Collect$$libinit$$0000000C)
    .ARM.Collect$$libinit$$0000000F          0x000002e2   Section        0  libinit2.o(.ARM.Collect$$libinit$$0000000F)
    .ARM.Collect$$libinit$$00000011          0x000002e2   Section        0  libinit2.o(.ARM.Collect$$libinit$$00000011)
    .ARM.Collect$$libinit$$00000013          0x000002e2   Section        0  libinit2.o(.ARM.Collect$$libinit$$00000013)
    .ARM.Collect$$libinit$$00000015          0x000002e2   Section        0  libinit2.o(.ARM.Collect$$libinit$$00000015)
    .ARM.Collect$$libinit$$00000017          0x000002e2   Section        0  libinit2.o(.ARM.Collect$$libinit$$00000017)
    .ARM.Collect$$libinit$$00000019          0x000002e2   Section        0  libinit2.o(.ARM.Collect$$libinit$$00000019)
    .ARM.Collect$$libinit$$0000001B          0x000002e2   Section        0  libinit2.o(.ARM.Collect$$libinit$$0000001B)
    .ARM.Collect$$libinit$$0000001D          0x000002e2   Section        0  libinit2.o(.ARM.Collect$$libinit$$0000001D)
    .ARM.Collect$$libinit$$0000001F          0x000002e2   Section        0  libinit2.o(.ARM.Collect$$libinit$$0000001F)
    .ARM.Collect$$libinit$$00000021          0x000002e2   Section        0  libinit2.o(.ARM.Collect$$libinit$$00000021)
    .ARM.Collect$$libinit$$00000023          0x000002e2   Section        0  libinit2.o(.ARM.Collect$$libinit$$00000023)
    .ARM.Collect$$libinit$$0000002A          0x000002e2   Section        0  libinit2.o(.ARM.Collect$$libinit$$0000002A)
    .ARM.Collect$$libinit$$0000002C          0x000002e2   Section        0  libinit2.o(.ARM.Collect$$libinit$$0000002C)
    .ARM.Collect$$libinit$$0000002E          0x000002e2   Section        0  libinit2.o(.ARM.Collect$$libinit$$0000002E)
    .ARM.Collect$$libinit$$00000030          0x000002e2   Section        0  libinit2.o(.ARM.Collect$$libinit$$00000030)
    .ARM.Collect$$libinit$$00000031          0x000002e2   Section        2  libinit2.o(.ARM.Collect$$libinit$$00000031)
    .ARM.Collect$$libshutdown$$00000000      0x000002e4   Section        2  libshutdown.o(.ARM.Collect$$libshutdown$$00000000)
    .ARM.Collect$$libshutdown$$00000003      0x000002e6   Section        0  libshutdown2.o(.ARM.Collect$$libshutdown$$00000003)
    .ARM.Collect$$libshutdown$$00000006      0x000002e6   Section        0  libshutdown2.o(.ARM.Collect$$libshutdown$$00000006)
    .ARM.Collect$$libshutdown$$00000009      0x000002e6   Section        0  libshutdown2.o(.ARM.Collect$$libshutdown$$00000009)
    .ARM.Collect$$libshutdown$$0000000B      0x000002e6   Section        0  libshutdown2.o(.ARM.Collect$$libshutdown$$0000000B)
    .ARM.Collect$$libshutdown$$0000000E      0x000002e6   Section        0  libshutdown2.o(.ARM.Collect$$libshutdown$$0000000E)
    .ARM.Collect$$libshutdown$$0000000F      0x000002e6   Section        2  libshutdown2.o(.ARM.Collect$$libshutdown$$0000000F)
    .ARM.Collect$$rtentry$$00000000          0x000002e8   Section        0  rtentry.o(.ARM.Collect$$rtentry$$00000000)
    .ARM.Collect$$rtentry$$00000002          0x000002e8   Section        0  rtentry2.o(.ARM.Collect$$rtentry$$00000002)
    .ARM.Collect$$rtentry$$00000004          0x000002e8   Section        6  rtentry4.o(.ARM.Collect$$rtentry$$00000004)
    .ARM.Collect$$rtentry$$00000009          0x000002ee   Section        0  rtentry2.o(.ARM.Collect$$rtentry$$00000009)
    .ARM.Collect$$rtentry$$0000000A          0x000002ee   Section        4  rtentry2.o(.ARM.Collect$$rtentry$$0000000A)
    .ARM.Collect$$rtentry$$0000000C          0x000002f2   Section        0  rtentry2.o(.ARM.Collect$$rtentry$$0000000C)
    .ARM.Collect$$rtentry$$0000000D          0x000002f2   Section        8  rtentry2.o(.ARM.Collect$$rtentry$$0000000D)
    .ARM.Collect$$rtexit$$00000000           0x000002fa   Section        2  rtexit.o(.ARM.Collect$$rtexit$$00000000)
    .ARM.Collect$$rtexit$$00000002           0x000002fc   Section        0  rtexit2.o(.ARM.Collect$$rtexit$$00000002)
    .ARM.Collect$$rtexit$$00000003           0x000002fc   Section        4  rtexit2.o(.ARM.Collect$$rtexit$$00000003)
    .ARM.Collect$$rtexit$$00000004           0x00000300   Section        6  rtexit2.o(.ARM.Collect$$rtexit$$00000004)
    .text                                    0x00000308   Section      296  startup_tm4c123.o(.text)
    .text                                    0x00000430   Section        0  heapauxi.o(.text)
    .text                                    0x00000436   Section       74  sys_stackheap_outer.o(.text)
    .text                                    0x00000480   Section        0  exit.o(.text)
    .text                                    0x0000048c   Section        8  libspace.o(.text)
    .text                                    0x00000494   Section        0  sys_exit.o(.text)
    .text                                    0x000004a0   Section        2  use_no_semi.o(.text)
    .text                                    0x000004a2   Section        0  indicate_semi.o(.text)
    i.ADC0_In                                0x000004a4   Section        0  adc.o(i.ADC0_In)
    i.Button_In                              0x000004dc   Section        0  button.o(i.Button_In)
    i.DAC_Out                                0x000004ec   Section        0  dac.o(i.DAC_Out)
    i.SysTick_Handler                        0x000004fc   Section        0  systick.o(i.SysTick_Handler)
    i.TIMER2A_Handler                        0x00000508   Section        0  sound.o(i.TIMER2A_Handler)
    i.initADC0                               0x00000544   Section        0  adc.o(i.initADC0)
    i.initButton                             0x00000634   Section        0  button.o(i.initButton)
    i.initDAC                                0x000006cc   Section        0  dac.o(i.initDAC)
    i.initInputs                             0x00000764   Section        0  input.o(i.initInputs)
    i.initPLL                                0x00000784   Section        0  pll.o(i.initPLL)
    i.initSound                              0x00000800   Section        0  sound.o(i.initSound)
    i.initSystick                            0x00000820   Section        0  systick.o(i.initSystick)
    i.initTimer2A                            0x00000848   Section        0  timer2a.o(i.initTimer2A)
    i.main                                   0x000008c4   Section        0  main.o(i.main)
    i.readInputs                             0x000008dc   Section        0  input.o(i.readInputs)
    .data                                    0x20000000   Section       20  input.o(.data)
    initInputList                            0x20000000   Data          12  input.o(.data)
    readList                                 0x2000000c   Data           8  input.o(.data)
    .data                                    0x20000014   Section       20  sound.o(.data)
    initSoundList                            0x20000014   Data           8  sound.o(.data)
    currentIndex                             0x2000001c   Data           4  sound.o(.data)
    sounds                                   0x20000020   Data           4  sound.o(.data)
    currentSound                             0x20000024   Data           4  sound.o(.data)
    .bss                                     0x20000028   Section       96  libspace.o(.bss)
    HEAP                                     0x20000088   Section     1024  startup_tm4c123.o(HEAP)
    Heap_Mem                                 0x20000088   Data        1024  startup_tm4c123.o(HEAP)
    STACK                                    0x20000488   Section      512  startup_tm4c123.o(STACK)
    Stack_Mem                                0x20000488   Data         512  startup_tm4c123.o(STACK)
    __initial_sp                             0x20000688   Data           0  startup_tm4c123.o(STACK)

    Global Symbols

    Symbol Name                              Value     Ov Type        Size  Object(Section)

    BuildAttributes$$THM_ISAv4$E$P$D$K$B$S$7EM$PE$A:L22UL41UL21$X:L11$S22US41US21$IEEE1$IW$USESV6$~STKCKD$USESV7$~SHL$OSPACE$ROPI$EBA8$UX$STANDARDLIB$REQ8$PRES8$EABIv2 0x00000000   Number         0  anon$$obj.o ABSOLUTE
    __ARM_use_no_argv                        0x00000000   Number         0  main.o ABSOLUTE
    __Vectors                                0x00000000   Data           4  startup_tm4c123.o(RESET)
    __ARM_exceptions_init                     - Undefined Weak Reference
    __alloca_initialize                       - Undefined Weak Reference
    __cpp_initialize__aeabi_                  - Undefined Weak Reference
    __cxa_finalize                            - Undefined Weak Reference
    __rt_locale                               - Undefined Weak Reference
    __sigvec_lookup                           - Undefined Weak Reference
    _atexit_init                              - Undefined Weak Reference
    _call_atexit_fns                          - Undefined Weak Reference
    _clock_init                               - Undefined Weak Reference
    _fp_trap_init                             - Undefined Weak Reference
    _fp_trap_shutdown                         - Undefined Weak Reference
    _get_lc_collate                           - Undefined Weak Reference
    _get_lc_ctype                             - Undefined Weak Reference
    _get_lc_monetary                          - Undefined Weak Reference
    _get_lc_numeric                           - Undefined Weak Reference
    _get_lc_time                              - Undefined Weak Reference
    _getenv_init                              - Undefined Weak Reference
    _handle_redirection                       - Undefined Weak Reference
    _init_alloc                               - Undefined Weak Reference
    _init_user_alloc                          - Undefined Weak Reference
    _initio                                   - Undefined Weak Reference
    _rand_init                                - Undefined Weak Reference
    _signal_finish                            - Undefined Weak Reference
    _signal_init                              - Undefined Weak Reference
    _terminate_alloc                          - Undefined Weak Reference
    _terminate_user_alloc                     - Undefined Weak Reference
    _terminateio                              - Undefined Weak Reference
    __Vectors_End                            0x0000026c   Data           0  startup_tm4c123.o(RESET)
    __Vectors_Size                           0x0000026c   Number         0  startup_tm4c123.o ABSOLUTE
    __main                                   0x0000026d   Thumb Code     8  __main.o(!!!main)
    __scatterload                            0x00000275   Thumb Code     0  __scatter.o(!!!scatter)
    __scatterload_rt2                        0x00000275   Thumb Code    44  __scatter.o(!!!scatter)
    __scatterload_rt2_thumb_only             0x00000275   Thumb Code     0  __scatter.o(!!!scatter)
    __scatterload_null                       0x00000283   Thumb Code     0  __scatter.o(!!!scatter)
    __scatterload_copy                       0x000002a9   Thumb Code    26  __scatter_copy.o(!!handler_copy)
    __scatterload_zeroinit                   0x000002c5   Thumb Code    28  __scatter_zi.o(!!handler_zi)
    __rt_lib_init                            0x000002e1   Thumb Code     0  libinit.o(.ARM.Collect$$libinit$$00000000)
    __rt_lib_init_alloca_1                   0x000002e3   Thumb Code     0  libinit2.o(.ARM.Collect$$libinit$$0000002C)
    __rt_lib_init_argv_1                     0x000002e3   Thumb Code     0  libinit2.o(.ARM.Collect$$libinit$$0000002A)
    __rt_lib_init_atexit_1                   0x000002e3   Thumb Code     0  libinit2.o(.ARM.Collect$$libinit$$00000019)
    __rt_lib_init_clock_1                    0x000002e3   Thumb Code     0  libinit2.o(.ARM.Collect$$libinit$$0000001F)
    __rt_lib_init_cpp_1                      0x000002e3   Thumb Code     0  libinit2.o(.ARM.Collect$$libinit$$00000030)
    __rt_lib_init_exceptions_1               0x000002e3   Thumb Code     0  libinit2.o(.ARM.Collect$$libinit$$0000002E)
    __rt_lib_init_fp_1                       0x000002e3   Thumb Code     0  libinit2.o(.ARM.Collect$$libinit$$00000002)
    __rt_lib_init_fp_trap_1                  0x000002e3   Thumb Code     0  libinit2.o(.ARM.Collect$$libinit$$0000001D)
    __rt_lib_init_getenv_1                   0x000002e3   Thumb Code     0  libinit2.o(.ARM.Collect$$libinit$$00000021)
    __rt_lib_init_heap_1                     0x000002e3   Thumb Code     0  libinit2.o(.ARM.Collect$$libinit$$00000008)
    __rt_lib_init_lc_collate_1               0x000002e3   Thumb Code     0  libinit2.o(.ARM.Collect$$libinit$$0000000F)
    __rt_lib_init_lc_ctype_1                 0x000002e3   Thumb Code     0  libinit2.o(.ARM.Collect$$libinit$$00000011)
    __rt_lib_init_lc_monetary_1              0x000002e3   Thumb Code     0  libinit2.o(.ARM.Collect$$libinit$$00000013)
    __rt_lib_init_lc_numeric_1               0x000002e3   Thumb Code     0  libinit2.o(.ARM.Collect$$libinit$$00000015)
    __rt_lib_init_lc_time_1                  0x000002e3   Thumb Code     0  libinit2.o(.ARM.Collect$$libinit$$00000017)
    __rt_lib_init_rand_1                     0x000002e3   Thumb Code     0  libinit2.o(.ARM.Collect$$libinit$$0000000C)
    __rt_lib_init_return                     0x000002e3   Thumb Code     0  libinit2.o(.ARM.Collect$$libinit$$00000031)
    __rt_lib_init_signal_1                   0x000002e3   Thumb Code     0  libinit2.o(.ARM.Collect$$libinit$$0000001B)
    __rt_lib_init_stdio_1                    0x000002e3   Thumb Code     0  libinit2.o(.ARM.Collect$$libinit$$00000023)
    __rt_lib_init_user_alloc_1               0x000002e3   Thumb Code     0  libinit2.o(.ARM.Collect$$libinit$$0000000A)
    __rt_lib_shutdown                        0x000002e5   Thumb Code     0  libshutdown.o(.ARM.Collect$$libshutdown$$00000000)
    __rt_lib_shutdown_fp_trap_1              0x000002e7   Thumb Code     0  libshutdown2.o(.ARM.Collect$$libshutdown$$00000006)
    __rt_lib_shutdown_heap_1                 0x000002e7   Thumb Code     0  libshutdown2.o(.ARM.Collect$$libshutdown$$0000000E)
    __rt_lib_shutdown_return                 0x000002e7   Thumb Code     0  libshutdown2.o(.ARM.Collect$$libshutdown$$0000000F)
    __rt_lib_shutdown_signal_1               0x000002e7   Thumb Code     0  libshutdown2.o(.ARM.Collect$$libshutdown$$00000009)
    __rt_lib_shutdown_stdio_1                0x000002e7   Thumb Code     0  libshutdown2.o(.ARM.Collect$$libshutdown$$00000003)
    __rt_lib_shutdown_user_alloc_1           0x000002e7   Thumb Code     0  libshutdown2.o(.ARM.Collect$$libshutdown$$0000000B)
    __rt_entry                               0x000002e9   Thumb Code     0  rtentry.o(.ARM.Collect$$rtentry$$00000000)
    __rt_entry_presh_1                       0x000002e9   Thumb Code     0  rtentry2.o(.ARM.Collect$$rtentry$$00000002)
    __rt_entry_sh                            0x000002e9   Thumb Code     0  rtentry4.o(.ARM.Collect$$rtentry$$00000004)
    __rt_entry_li                            0x000002ef   Thumb Code     0  rtentry2.o(.ARM.Collect$$rtentry$$0000000A)
    __rt_entry_postsh_1                      0x000002ef   Thumb Code     0  rtentry2.o(.ARM.Collect$$rtentry$$00000009)
    __rt_entry_main                          0x000002f3   Thumb Code     0  rtentry2.o(.ARM.Collect$$rtentry$$0000000D)
    __rt_entry_postli_1                      0x000002f3   Thumb Code     0  rtentry2.o(.ARM.Collect$$rtentry$$0000000C)
    __rt_exit                                0x000002fb   Thumb Code     0  rtexit.o(.ARM.Collect$$rtexit$$00000000)
    __rt_exit_ls                             0x000002fd   Thumb Code     0  rtexit2.o(.ARM.Collect$$rtexit$$00000003)
    __rt_exit_prels_1                        0x000002fd   Thumb Code     0  rtexit2.o(.ARM.Collect$$rtexit$$00000002)
    __rt_exit_exit                           0x00000301   Thumb Code     0  rtexit2.o(.ARM.Collect$$rtexit$$00000004)
    Reset_Handler                            0x00000309   Thumb Code     4  startup_tm4c123.o(.text)
    NMI_Handler                              0x0000030d   Thumb Code     2  startup_tm4c123.o(.text)
    HardFault_Handler                        0x0000030f   Thumb Code     2  startup_tm4c123.o(.text)
    MemManage_Handler                        0x00000311   Thumb Code     2  startup_tm4c123.o(.text)
    BusFault_Handler                         0x00000313   Thumb Code     2  startup_tm4c123.o(.text)
    UsageFault_Handler                       0x00000315   Thumb Code     2  startup_tm4c123.o(.text)
    SVC_Handler                              0x00000317   Thumb Code     2  startup_tm4c123.o(.text)
    DebugMon_Handler                         0x00000319   Thumb Code     2  startup_tm4c123.o(.text)
    PendSV_Handler                           0x0000031b   Thumb Code     2  startup_tm4c123.o(.text)
    GPIOA_Handler                            0x0000031f   Thumb Code     2  startup_tm4c123.o(.text)
    GPIOB_Handler                            0x00000321   Thumb Code     2  startup_tm4c123.o(.text)
    GPIOC_Handler                            0x00000323   Thumb Code     2  startup_tm4c123.o(.text)
    GPIOD_Handler                            0x00000325   Thumb Code     2  startup_tm4c123.o(.text)
    GPIOE_Handler                            0x00000327   Thumb Code     2  startup_tm4c123.o(.text)
    UART0_Handler                            0x00000329   Thumb Code     2  startup_tm4c123.o(.text)
    UART1_Handler                            0x0000032b   Thumb Code     2  startup_tm4c123.o(.text)
    SSI0_Handler                             0x0000032d   Thumb Code     2  startup_tm4c123.o(.text)
    I2C0_Handler                             0x0000032f   Thumb Code     2  startup_tm4c123.o(.text)
    PMW0_FAULT_Handler                       0x00000331   Thumb Code     2  startup_tm4c123.o(.text)
    PWM0_0_Handler                           0x00000333   Thumb Code     2  startup_tm4c123.o(.text)
    PWM0_1_Handler                           0x00000335   Thumb Code     2  startup_tm4c123.o(.text)
    PWM0_2_Handler                           0x00000337   Thumb Code     2  startup_tm4c123.o(.text)
    QEI0_Handler                             0x00000339   Thumb Code     2  startup_tm4c123.o(.text)
    ADC0SS0_Handler                          0x0000033b   Thumb Code     2  startup_tm4c123.o(.text)
    ADC0SS1_Handler                          0x0000033d   Thumb Code     2  startup_tm4c123.o(.text)
    ADC0SS2_Handler                          0x0000033f   Thumb Code     2  startup_tm4c123.o(.text)
    ADC0SS3_Handler                          0x00000341   Thumb Code     2  startup_tm4c123.o(.text)
    WDT0_Handler                             0x00000343   Thumb Code     2  startup_tm4c123.o(.text)
    TIMER0A_Handler                          0x00000345   Thumb Code     2  startup_tm4c123.o(.text)
    TIMER0B_Handler                          0x00000347   Thumb Code     2  startup_tm4c123.o(.text)
    TIMER1A_Handler                          0x00000349   Thumb Code     2  startup_tm4c123.o(.text)
    TIMER1B_Handler                          0x0000034b   Thumb Code     2  startup_tm4c123.o(.text)
    TIMER2B_Handler                          0x0000034f   Thumb Code     2  startup_tm4c123.o(.text)
    COMP0_Handler                            0x00000351   Thumb Code     2  startup_tm4c123.o(.text)
    COMP1_Handler                            0x00000353   Thumb Code     2  startup_tm4c123.o(.text)
    COMP2_Handler                            0x00000355   Thumb Code     2  startup_tm4c123.o(.text)
    SYSCTL_Handler                           0x00000357   Thumb Code     2  startup_tm4c123.o(.text)
    FLASH_Handler                            0x00000359   Thumb Code     2  startup_tm4c123.o(.text)
    GPIOF_Handler                            0x0000035b   Thumb Code     2  startup_tm4c123.o(.text)
    GPIOG_Handler                            0x0000035d   Thumb Code     2  startup_tm4c123.o(.text)
    GPIOH_Handler                            0x0000035f   Thumb Code     2  startup_tm4c123.o(.text)
    UART2_Handler                            0x00000361   Thumb Code     2  startup_tm4c123.o(.text)
    SSI1_Handler                             0x00000363   Thumb Code     2  startup_tm4c123.o(.text)
    TIMER3A_Handler                          0x00000365   Thumb Code     2  startup_tm4c123.o(.text)
    TIMER3B_Handler                          0x00000367   Thumb Code     2  startup_tm4c123.o(.text)
    I2C1_Handler                             0x00000369   Thumb Code     2  startup_tm4c123.o(.text)
    QEI1_Handler                             0x0000036b   Thumb Code     2  startup_tm4c123.o(.text)
    CAN0_Handler                             0x0000036d   Thumb Code     2  startup_tm4c123.o(.text)
    CAN1_Handler                             0x0000036f   Thumb Code     2  startup_tm4c123.o(.text)
    CAN2_Handler                             0x00000371   Thumb Code     2  startup_tm4c123.o(.text)
    HIB_Handler                              0x00000373   Thumb Code     2  startup_tm4c123.o(.text)
    USB0_Handler                             0x00000375   Thumb Code     2  startup_tm4c123.o(.text)
    PWM0_3_Handler                           0x00000377   Thumb Code     2  startup_tm4c123.o(.text)
    UDMA_Handler                             0x00000379   Thumb Code     2  startup_tm4c123.o(.text)
    UDMAERR_Handler                          0x0000037b   Thumb Code     2  startup_tm4c123.o(.text)
    ADC1SS0_Handler                          0x0000037d   Thumb Code     2  startup_tm4c123.o(.text)
    ADC1SS1_Handler                          0x0000037f   Thumb Code     2  startup_tm4c123.o(.text)
    ADC1SS2_Handler                          0x00000381   Thumb Code     2  startup_tm4c123.o(.text)
    ADC1SS3_Handler                          0x00000383   Thumb Code     2  startup_tm4c123.o(.text)
    GPIOJ_Handler                            0x00000385   Thumb Code     2  startup_tm4c123.o(.text)
    GPIOK_Handler                            0x00000387   Thumb Code     2  startup_tm4c123.o(.text)
    GPIOL_Handler                            0x00000389   Thumb Code     2  startup_tm4c123.o(.text)
    SSI2_Handler                             0x0000038b   Thumb Code     2  startup_tm4c123.o(.text)
    SSI3_Handler                             0x0000038d   Thumb Code     2  startup_tm4c123.o(.text)
    UART3_Handler                            0x0000038f   Thumb Code     2  startup_tm4c123.o(.text)
    UART4_Handler                            0x00000391   Thumb Code     2  startup_tm4c123.o(.text)
    UART5_Handler                            0x00000393   Thumb Code     2  startup_tm4c123.o(.text)
    UART6_Handler                            0x00000395   Thumb Code     2  startup_tm4c123.o(.text)
    UART7_Handler                            0x00000397   Thumb Code     2  startup_tm4c123.o(.text)
    I2C2_Handler                             0x00000399   Thumb Code     2  startup_tm4c123.o(.text)
    I2C3_Handler                             0x0000039b   Thumb Code     2  startup_tm4c123.o(.text)
    TIMER4A_Handler                          0x0000039d   Thumb Code     2  startup_tm4c123.o(.text)
    TIMER4B_Handler                          0x0000039f   Thumb Code     2  startup_tm4c123.o(.text)
    TIMER5A_Handler                          0x000003a1   Thumb Code     2  startup_tm4c123.o(.text)
    TIMER5B_Handler                          0x000003a3   Thumb Code     2  startup_tm4c123.o(.text)
    WTIMER0A_Handler                         0x000003a5   Thumb Code     2  startup_tm4c123.o(.text)
    WTIMER0B_Handler                         0x000003a7   Thumb Code     2  startup_tm4c123.o(.text)
    WTIMER1A_Handler                         0x000003a9   Thumb Code     2  startup_tm4c123.o(.text)
    WTIMER1B_Handler                         0x000003ab   Thumb Code     2  startup_tm4c123.o(.text)
    WTIMER2A_Handler                         0x000003ad   Thumb Code     2  startup_tm4c123.o(.text)
    WTIMER2B_Handler                         0x000003af   Thumb Code     2  startup_tm4c123.o(.text)
    WTIMER3A_Handler                         0x000003b1   Thumb Code     2  startup_tm4c123.o(.text)
    WTIMER3B_Handler                         0x000003b3   Thumb Code     2  startup_tm4c123.o(.text)
    WTIMER4A_Handler                         0x000003b5   Thumb Code     2  startup_tm4c123.o(.text)
    WTIMER4B_Handler                         0x000003b7   Thumb Code     2  startup_tm4c123.o(.text)
    WTIMER5A_Handler                         0x000003b9   Thumb Code     2  startup_tm4c123.o(.text)
    WTIMER5B_Handler                         0x000003bb   Thumb Code     2  startup_tm4c123.o(.text)
    FPU_Handler                              0x000003bd   Thumb Code     2  startup_tm4c123.o(.text)
    I2C4_Handler                             0x000003bf   Thumb Code     2  startup_tm4c123.o(.text)
    I2C5_Handler                             0x000003c1   Thumb Code     2  startup_tm4c123.o(.text)
    GPIOM_Handler                            0x000003c3   Thumb Code     2  startup_tm4c123.o(.text)
    GPION_Handler                            0x000003c5   Thumb Code     2  startup_tm4c123.o(.text)
    QEI2_Handler                             0x000003c7   Thumb Code     2  startup_tm4c123.o(.text)
    GPIOP0_Handler                           0x000003c9   Thumb Code     2  startup_tm4c123.o(.text)
    GPIOP1_Handler                           0x000003cb   Thumb Code     2  startup_tm4c123.o(.text)
    GPIOP2_Handler                           0x000003cd   Thumb Code     2  startup_tm4c123.o(.text)
    GPIOP3_Handler                           0x000003cf   Thumb Code     2  startup_tm4c123.o(.text)
    GPIOP4_Handler                           0x000003d1   Thumb Code     2  startup_tm4c123.o(.text)
    GPIOP5_Handler                           0x000003d3   Thumb Code     2  startup_tm4c123.o(.text)
    GPIOP6_Handler                           0x000003d5   Thumb Code     2  startup_tm4c123.o(.text)
    GPIOP7_Handler                           0x000003d7   Thumb Code     2  startup_tm4c123.o(.text)
    GPIOQ0_Handler                           0x000003d9   Thumb Code     2  startup_tm4c123.o(.text)
    GPIOQ1_Handler                           0x000003db   Thumb Code     2  startup_tm4c123.o(.text)
    GPIOQ2_Handler                           0x000003dd   Thumb Code     2  startup_tm4c123.o(.text)
    GPIOQ3_Handler                           0x000003df   Thumb Code     2  startup_tm4c123.o(.text)
    GPIOQ4_Handler                           0x000003e1   Thumb Code     2  startup_tm4c123.o(.text)
    GPIOQ5_Handler                           0x000003e3   Thumb Code     2  startup_tm4c123.o(.text)
    GPIOQ6_Handler                           0x000003e5   Thumb Code     2  startup_tm4c123.o(.text)
    GPIOQ7_Handler                           0x000003e7   Thumb Code     2  startup_tm4c123.o(.text)
    GPIOR_Handler                            0x000003e9   Thumb Code     2  startup_tm4c123.o(.text)
    GPIOS_Handler                            0x000003eb   Thumb Code     2  startup_tm4c123.o(.text)
    PMW1_0_Handler                           0x000003ed   Thumb Code     2  startup_tm4c123.o(.text)
    PWM1_1_Handler                           0x000003ef   Thumb Code     2  startup_tm4c123.o(.text)
    PWM1_2_Handler                           0x000003f1   Thumb Code     2  startup_tm4c123.o(.text)
    PWM1_3_Handler                           0x000003f3   Thumb Code     2  startup_tm4c123.o(.text)
    PWM1_FAULT_Handler                       0x000003f5   Thumb Code     2  startup_tm4c123.o(.text)
    DisableInterrupts                        0x000003f9   Thumb Code     0  startup_tm4c123.o(.text)
    EnableInterrupts                         0x000003fd   Thumb Code     0  startup_tm4c123.o(.text)
    StartCritical                            0x00000401   Thumb Code     0  startup_tm4c123.o(.text)
    EndCritical                              0x00000409   Thumb Code     0  startup_tm4c123.o(.text)
    WaitForInterrupt                         0x0000040f   Thumb Code     0  startup_tm4c123.o(.text)
    __user_initial_stackheap                 0x00000413   Thumb Code     0  startup_tm4c123.o(.text)
    __use_two_region_memory                  0x00000431   Thumb Code     2  heapauxi.o(.text)
    __rt_heap_escrow$2region                 0x00000433   Thumb Code     2  heapauxi.o(.text)
    __rt_heap_expand$2region                 0x00000435   Thumb Code     2  heapauxi.o(.text)
    __user_setup_stackheap                   0x00000437   Thumb Code    74  sys_stackheap_outer.o(.text)
    exit                                     0x00000481   Thumb Code    12  exit.o(.text)
    __user_libspace                          0x0000048d   Thumb Code     8  libspace.o(.text)
    __user_perproc_libspace                  0x0000048d   Thumb Code     0  libspace.o(.text)
    __user_perthread_libspace                0x0000048d   Thumb Code     0  libspace.o(.text)
    _sys_exit                                0x00000495   Thumb Code     8  sys_exit.o(.text)
    __I$use$semihosting                      0x000004a1   Thumb Code     0  use_no_semi.o(.text)
    __use_no_semihosting_swi                 0x000004a1   Thumb Code     2  use_no_semi.o(.text)
    __semihosting_library_function           0x000004a3   Thumb Code     0  indicate_semi.o(.text)
    ADC0_In                                  0x000004a5   Thumb Code    48  adc.o(i.ADC0_In)
    Button_In                                0x000004dd   Thumb Code    10  button.o(i.Button_In)
    DAC_Out                                  0x000004ed   Thumb Code    10  dac.o(i.DAC_Out)
    SysTick_Handler                          0x000004fd   Thumb Code    10  systick.o(i.SysTick_Handler)
    TIMER2A_Handler                          0x00000509   Thumb Code    48  sound.o(i.TIMER2A_Handler)
    initADC0                                 0x00000545   Thumb Code   194  adc.o(i.initADC0)
    initButton                               0x00000635   Thumb Code   114  button.o(i.initButton)
    initDAC                                  0x000006cd   Thumb Code   114  dac.o(i.initDAC)
    initInputs                               0x00000765   Thumb Code    26  input.o(i.initInputs)
    initPLL                                  0x00000785   Thumb Code   118  pll.o(i.initPLL)
    initSound                                0x00000801   Thumb Code    26  sound.o(i.initSound)
    initSystick                              0x00000821   Thumb Code    36  systick.o(i.initSystick)
    initTimer2A                              0x00000849   Thumb Code   108  timer2a.o(i.initTimer2A)
    main                                     0x000008c5   Thumb Code    24  main.o(i.main)
    readInputs                               0x000008dd   Thumb Code    26  input.o(i.readInputs)
    Region$$Table$$Base                      0x000008f8   Number         0  anon$$obj.o(Region$$Table)
    Region$$Table$$Limit                     0x00000918   Number         0  anon$$obj.o(Region$$Table)
    __libspace_start                         0x20000028   Data          96  libspace.o(.bss)
    __temporary_stack_top$libspace           0x20000088   Data           0  libspace.o(.bss)



==============================================================================

Memory Map of the image

  Image Entry point : 0x00000309

  Load Region LR_1 (Base: 0x00000000, Size: 0x00000940, Max: 0xffffffff, ABSOLUTE)

    Execution Region ER_RO (Base: 0x00000000, Size: 0x00000918, Max: 0xffffffff, ABSOLUTE)

    Base Addr    Size         Type   Attr      Idx    E Section Name        Object

    0x00000000   0x0000026c   Data   RO          196    RESET               startup_tm4c123.o
    0x0000026c   0x00000008   Code   RO          206  * !!!main             c_w.l(__main.o)
    0x00000274   0x00000034   Code   RO          360    !!!scatter          c_w.l(__scatter.o)
    0x000002a8   0x0000001a   Code   RO          362    !!handler_copy      c_w.l(__scatter_copy.o)
    0x000002c2   0x00000002   PAD
    0x000002c4   0x0000001c   Code   RO          364    !!handler_zi        c_w.l(__scatter_zi.o)
    0x000002e0   0x00000002   Code   RO          233    .ARM.Collect$$libinit$$00000000  c_w.l(libinit.o)
    0x000002e2   0x00000000   Code   RO          240    .ARM.Collect$$libinit$$00000002  c_w.l(libinit2.o)
    0x000002e2   0x00000000   Code   RO          243    .ARM.Collect$$libinit$$00000008  c_w.l(libinit2.o)
    0x000002e2   0x00000000   Code   RO          245    .ARM.Collect$$libinit$$0000000A  c_w.l(libinit2.o)
    0x000002e2   0x00000000   Code   RO          247    .ARM.Collect$$libinit$$0000000C  c_w.l(libinit2.o)
    0x000002e2   0x00000000   Code   RO          250    .ARM.Collect$$libinit$$0000000F  c_w.l(libinit2.o)
    0x000002e2   0x00000000   Code   RO          252    .ARM.Collect$$libinit$$00000011  c_w.l(libinit2.o)
    0x000002e2   0x00000000   Code   RO          254    .ARM.Collect$$libinit$$00000013  c_w.l(libinit2.o)
    0x000002e2   0x00000000   Code   RO          256    .ARM.Collect$$libinit$$00000015  c_w.l(libinit2.o)
    0x000002e2   0x00000000   Code   RO          258    .ARM.Collect$$libinit$$00000017  c_w.l(libinit2.o)
    0x000002e2   0x00000000   Code   RO          260    .ARM.Collect$$libinit$$00000019  c_w.l(libinit2.o)
    0x000002e2   0x00000000   Code   RO          262    .ARM.Collect$$libinit$$0000001B  c_w.l(libinit2.o)
    0x000002e2   0x00000000   Code   RO          264    .ARM.Collect$$libinit$$0000001D  c_w.l(libinit2.o)
    0x000002e2   0x00000000   Code   RO          266    .ARM.Collect$$libinit$$0000001F  c_w.l(libinit2.o)
    0x000002e2   0x00000000   Code   RO          268    .ARM.Collect$$libinit$$00000021  c_w.l(libinit2.o)
    0x000002e2   0x00000000   Code   RO          270    .ARM.Collect$$libinit$$00000023  c_w.l(libinit2.o)
    0x000002e2   0x00000000   Code   RO          274    .ARM.Collect$$libinit$$0000002A  c_w.l(libinit2.o)
    0x000002e2   0x00000000   Code   RO          276    .ARM.Collect$$libinit$$0000002C  c_w.l(libinit2.o)
    0x000002e2   0x00000000   Code   RO          278    .ARM.Collect$$libinit$$0000002E  c_w.l(libinit2.o)
    0x000002e2   0x00000000   Code   RO          280    .ARM.Collect$$libinit$$00000030  c_w.l(libinit2.o)
    0x000002e2   0x00000002   Code   RO          281    .ARM.Collect$$libinit$$00000031  c_w.l(libinit2.o)
    0x000002e4   0x00000002   Code   RO          301    .ARM.Collect$$libshutdown$$00000000  c_w.l(libshutdown.o)
    0x000002e6   0x00000000   Code   RO          315    .ARM.Collect$$libshutdown$$00000003  c_w.l(libshutdown2.o)
    0x000002e6   0x00000000   Code   RO          318    .ARM.Collect$$libshutdown$$00000006  c_w.l(libshutdown2.o)
    0x000002e6   0x00000000   Code   RO          321    .ARM.Collect$$libshutdown$$00000009  c_w.l(libshutdown2.o)
    0x000002e6   0x00000000   Code   RO          323    .ARM.Collect$$libshutdown$$0000000B  c_w.l(libshutdown2.o)
    0x000002e6   0x00000000   Code   RO          326    .ARM.Collect$$libshutdown$$0000000E  c_w.l(libshutdown2.o)
    0x000002e6   0x00000002   Code   RO          327    .ARM.Collect$$libshutdown$$0000000F  c_w.l(libshutdown2.o)
    0x000002e8   0x00000000   Code   RO          208    .ARM.Collect$$rtentry$$00000000  c_w.l(rtentry.o)
    0x000002e8   0x00000000   Code   RO          210    .ARM.Collect$$rtentry$$00000002  c_w.l(rtentry2.o)
    0x000002e8   0x00000006   Code   RO          222    .ARM.Collect$$rtentry$$00000004  c_w.l(rtentry4.o)
    0x000002ee   0x00000000   Code   RO          212    .ARM.Collect$$rtentry$$00000009  c_w.l(rtentry2.o)
    0x000002ee   0x00000004   Code   RO          213    .ARM.Collect$$rtentry$$0000000A  c_w.l(rtentry2.o)
    0x000002f2   0x00000000   Code   RO          215    .ARM.Collect$$rtentry$$0000000C  c_w.l(rtentry2.o)
    0x000002f2   0x00000008   Code   RO          216    .ARM.Collect$$rtentry$$0000000D  c_w.l(rtentry2.o)
    0x000002fa   0x00000002   Code   RO          237    .ARM.Collect$$rtexit$$00000000  c_w.l(rtexit.o)
    0x000002fc   0x00000000   Code   RO          283    .ARM.Collect$$rtexit$$00000002  c_w.l(rtexit2.o)
    0x000002fc   0x00000004   Code   RO          284    .ARM.Collect$$rtexit$$00000003  c_w.l(rtexit2.o)
    0x00000300   0x00000006   Code   RO          285    .ARM.Collect$$rtexit$$00000004  c_w.l(rtexit2.o)
    0x00000306   0x00000002   PAD
    0x00000308   0x00000128   Code   RO          197  * .text               startup_tm4c123.o
    0x00000430   0x00000006   Code   RO          204    .text               c_w.l(heapauxi.o)
    0x00000436   0x0000004a   Code   RO          224    .text               c_w.l(sys_stackheap_outer.o)
    0x00000480   0x0000000c   Code   RO          226    .text               c_w.l(exit.o)
    0x0000048c   0x00000008   Code   RO          234    .text               c_w.l(libspace.o)
    0x00000494   0x0000000c   Code   RO          293    .text               c_w.l(sys_exit.o)
    0x000004a0   0x00000002   Code   RO          304    .text               c_w.l(use_no_semi.o)
    0x000004a2   0x00000000   Code   RO          306    .text               c_w.l(indicate_semi.o)
    0x000004a2   0x00000002   PAD
    0x000004a4   0x00000038   Code   RO           18    i.ADC0_In           adc.o
    0x000004dc   0x00000010   Code   RO           92    i.Button_In         button.o
    0x000004ec   0x00000010   Code   RO           42    i.DAC_Out           dac.o
    0x000004fc   0x0000000a   Code   RO           63    i.SysTick_Handler   systick.o
    0x00000506   0x00000002   PAD
    0x00000508   0x0000003c   Code   RO          168    i.TIMER2A_Handler   sound.o
    0x00000544   0x000000f0   Code   RO           19    i.initADC0          adc.o
    0x00000634   0x00000098   Code   RO           93    i.initButton        button.o
    0x000006cc   0x00000098   Code   RO           43    i.initDAC           dac.o
    0x00000764   0x00000020   Code   RO          136    i.initInputs        input.o
    0x00000784   0x0000007c   Code   RO            1    i.initPLL           pll.o
    0x00000800   0x00000020   Code   RO          169    i.initSound         sound.o
    0x00000820   0x00000028   Code   RO           64    i.initSystick       systick.o
    0x00000848   0x0000007c   Code   RO          156    i.initTimer2A       timer2a.o
    0x000008c4   0x00000018   Code   RO          111    i.main              main.o
    0x000008dc   0x0000001a   Code   RO          137    i.readInputs        input.o
    0x000008f6   0x00000002   PAD
    0x000008f8   0x00000020   Data   RO          358    Region$$Table       anon$$obj.o


    Execution Region ER_RW (Base: 0x20000000, Size: 0x00000028, Max: 0xffffffff, ABSOLUTE)

    Base Addr    Size         Type   Attr      Idx    E Section Name        Object

    0x20000000   0x00000014   Data   RW          138    .data               input.o
    0x20000014   0x00000014   Data   RW          171    .data               sound.o


    Execution Region ER_ZI (Base: 0x20000028, Size: 0x00000660, Max: 0xffffffff, ABSOLUTE)

    Base Addr    Size         Type   Attr      Idx    E Section Name        Object

    0x20000028   0x00000060   Zero   RW          235    .bss                c_w.l(libspace.o)
    0x20000088   0x00000400   Zero   RW          195    HEAP                startup_tm4c123.o
    0x20000488   0x00000200   Zero   RW          194    STACK               startup_tm4c123.o


==============================================================================

Image component sizes


      Code (inc. data)   RO Data    RW Data    ZI Data      Debug   Object Name

       296         54          0          0          0        837   adc.o
       168         44          0          0          0        785   button.o
       168         44          0          0          0        772   dac.o
        58          6          0         20          0        982   input.o
        24          0          0          0          0        699   main.o
       124          6          0          0          0       1822   pll.o
        92         18          0         20          0       1038   sound.o
       296         22        620          0       1536       5364   startup_tm4c123.o
        50          4          0          0          0       1172   systick.o
       124         16          0          0          0        406   timer2a.o

    ----------------------------------------------------------------------
      1404        214        652         40       1536      13877   Object Totals
         0          0         32          0          0          0   (incl. Generated)
         4          0          0          0          0          0   (incl. Padding)

    ----------------------------------------------------------------------

      Code (inc. data)   RO Data    RW Data    ZI Data      Debug   Library Member Name

         8          0          0          0          0         68   __main.o
        52          8          0          0          0          0   __scatter.o
        26          0          0          0          0          0   __scatter_copy.o
        28          0          0          0          0          0   __scatter_zi.o
        12          0          0          0          0         72   exit.o
         6          0          0          0          0        152   heapauxi.o
         0          0          0          0          0          0   indicate_semi.o
         2          0          0          0          0          0   libinit.o
         2          0          0          0          0          0   libinit2.o
         2          0          0          0          0          0   libshutdown.o
         2          0          0          0          0          0   libshutdown2.o
         8          4          0          0         96         68   libspace.o
         0          0          0          0          0          0   rtentry.o
        12          0          0          0          0          0   rtentry2.o
         6          0          0          0          0          0   rtentry4.o
         2          0          0          0          0          0   rtexit.o
        10          0          0          0          0          0   rtexit2.o
        12          4          0          0          0         68   sys_exit.o
        74          0          0          0          0         80   sys_stackheap_outer.o
         2          0          0          0          0         68   use_no_semi.o

    ----------------------------------------------------------------------
       272         16          0          0         96        576   Library Totals
         6          0          0          0          0          0   (incl. Padding)

    ----------------------------------------------------------------------

      Code (inc. data)   RO Data    RW Data    ZI Data      Debug   Library Name

       266         16          0          0         96        576   c_w.l

    ----------------------------------------------------------------------
       272         16          0          0         96        576   Library Totals

    ----------------------------------------------------------------------

==============================================================================


      Code (inc. data)   RO Data    RW Data    ZI Data      Debug   

      1676        230        652         40       1632      13517   Grand Totals
      1676        230        652         40       1632      13517   ELF Image Totals
      1676        230        652         40          0          0   ROM Totals

==============================================================================

    Total RO  Size (Code + RO Data)                 2328 (   2.27kB)
    Total RW  Size (RW Data + ZI Data)              1672 (   1.63kB)
    Total ROM Size (Code + RO Data + RW Data)       2368 (   2.31kB)

==============================================================================

