<html>
<body>
<pre>
<h1>µVision Build Log</h1>
<h2>Project:</h2>
C:\Users\Fabrizio\Desktop\space_invaders_modules\Space_Invaders.uvproj
Project File Date:  03/12/2016

<h2>Output:</h2>
Rebuild target 'Space_Invaders'
compiling PLL.c...
compiling ADC.c...
compiling DAC.c...
compiling Systick.c...
compiling Button.c...
compiling main.c...
compiling input.c...
compiling Timer2A.c...
compiling Sound.c...
assembling startup_TM4C123.s...
linking...
Program Size: Code=1676 RO-data=652 RW-data=40 ZI-data=1632  
".\Space_Invaders.axf" - 0 Error(s), 0 Warning(s).
</pre>
</body>
</html>
Not enough information to list the image map.
Finished: 2 information, 0 warning and 1 error messages.
".\Space_Invaders.axf" - 1 Error(s), 0 Warning(s).
Target not created
arget not created
 = {
Sound.c: 0 warnings, 2 errors
assembling startup_TM4C123.s...
".\Space_Invaders.axf" - 4 Error(s), 0 Warning(s).
Target not created
